Read	.target.tmpdir "/tmp"
Dump	Nfs::Import
Dump	- basic, SLE11-SP2
Read	.sysconfig.nfs.NFS4_SUPPORT "no"
Read	.etc.idmapd_conf "Domain" "localdomain"
Return	true
Dump	-- and Export
Dump	- empty
Read	.sysconfig.nfs.NFS4_SUPPORT "no"
Read	.etc.idmapd_conf "Domain" "localdomain"
Return	true
Dump	- invalid, missing basic data
Log	Missing at Import: 'mount_point'.
Log	Missing at Import: 'nfs_options'.
Dump	- basic, SLE11-SP3
Dump	-- and Export
