Dump	Nfs::EscapeSpaces1 normative
Return	nil
Return	
Return	\040
Return	\040\040
Return	nospaces
Return	one\040space
Return	\040before,\040two,\040\040after\040
Dump	Nfs::EscapeSpaces1 informative
Return	'"\
Return	\040
Dump	Nfs::UnescapeSpaces1 normative
Return	nil
Return	
Return	 
Return	  
Return	nospaces
Return	one space
Return	 before, two,  after 
Dump	Nfs::UnescapeSpaces1 informative
Return	\041\
Return	 
