Dump	SpecToServPath
Return	`couple ("big.foo.com", "/share/data")
Return	`couple ("only.server.com", "")
Return	`couple ("", "nocolon.only.server.com")
Return	`couple ("", "/only/path")
Return	`couple ("", "/nocolon/only/path")
Return	`couple ("two", "colons:used")
Return	`couple ("", "")
