Dump	Read
Read	.etc.fstab [$["file":"/", "freq":1, "mntops":"defaults", "passno":2, "spec":"/dev/hda6", "vfstype":"reiserfs"], $["file":"/home", "freq":0, "mntops":"defaults", "passno":0, "spec":"foo.bar.com:/home", "vfstype":"nfs"], $["file":"/var/spool/mail", "freq":0, "mntops":"defaults", "passno":0, "spec":"foo.bar.com:/var/spool/mail", "vfstype":"nfs"]]
Return	true
Dump	Write OK
Read	.etc.fstab [$["file":"/", "freq":1, "mntops":"defaults", "passno":2, "spec":"/dev/hda6", "vfstype":"reiserfs"], $["file":"/home", "freq":0, "mntops":"defaults", "passno":0, "spec":"foo.bar.com:/home", "vfstype":"nfs"], $["file":"/var/spool/mail", "freq":0, "mntops":"defaults", "passno":0, "spec":"foo.bar.com:/var/spool/mail", "vfstype":"nfs"]]
Execute	.target.mkdir "/home" true
Execute	.target.mkdir "/var/spool/mail" true
Execute	.target.bash "/bin/cp $ORIG $BACKUP" $["BACKUP":"/etc/fstab.YaST2.save", "ORIG":"/etc/fstab"] 0
Write	.etc.fstab [$["file":"/", "freq":1, "mntops":"defaults", "passno":2, "spec":"/dev/hda6", "vfstype":"reiserfs"], $["file":"/home", "freq":0, "mntops":"defaults", "passno":0, "spec":"foo.bar.com:/home", "vfstype":"nfs"], $["file":"/var/spool/mail", "freq":0, "mntops":"defaults", "passno":0, "spec":"foo.bar.com:/var/spool/mail", "vfstype":"nfs"]] true
Read	.init.scripts.exists "portmap" true
Read	.init.scripts.exists "portmap" true
Read	.init.scripts.runlevel "portmap" $["nfs":$["start":["3", "5"], "stop":["3", "5"]], "portmap":$["start":["3", "5"], "stop":["3", "5"]]]
Read	.init.scripts.comment "portmap" $["nfs":$[], "portmap":$[]]
Read	.init.scripts.exists "nfs" true
Read	.init.scripts.exists "nfs" true
Read	.init.scripts.runlevel "nfs" $["nfs":$["start":["3", "5"], "stop":["3", "5"]], "portmap":$["start":["3", "5"], "stop":["3", "5"]]]
Read	.init.scripts.comment "nfs" $["nfs":$[], "portmap":$[]]
Execute	.target.bash "/etc/init.d/nfs stop" $["TERM":"raw"] 0
Read	.init.scripts.exists "portmap" true
Execute	.target.bash "/etc/init.d/portmap status" $["TERM":"raw"] 0
Execute	.target.bash "/etc/init.d/nfs start" $["TERM":"raw"] 0
Read	.init.scripts.exists "nfs" true
Execute	.target.bash "/etc/init.d/nfs status" $["TERM":"raw"] 0
Return	true
Dump	Write KO
Read	.etc.fstab [$["file":"/", "freq":1, "mntops":"defaults", "passno":2, "spec":"/dev/hda6", "vfstype":"reiserfs"], $["file":"/home", "freq":0, "mntops":"defaults", "passno":0, "spec":"foo.bar.com:/home", "vfstype":"nfs"], $["file":"/var/spool/mail", "freq":0, "mntops":"defaults", "passno":0, "spec":"foo.bar.com:/var/spool/mail", "vfstype":"nfs"]]
Execute	.target.mkdir "/home" true
Execute	.target.mkdir "/var/spool/mail" true
Execute	.target.bash "/bin/cp $ORIG $BACKUP" $["BACKUP":"/etc/fstab.YaST2.save", "ORIG":"/etc/fstab"] 0
Write	.etc.fstab [$["file":"/", "freq":1, "mntops":"defaults", "passno":2, "spec":"/dev/hda6", "vfstype":"reiserfs"], $["file":"/home", "freq":0, "mntops":"defaults", "passno":0, "spec":"foo.bar.com:/home", "vfstype":"nfs"], $["file":"/var/spool/mail", "freq":0, "mntops":"defaults", "passno":0, "spec":"foo.bar.com:/var/spool/mail", "vfstype":"nfs"]] false
Log	Unable to write to /etc/fstab.
Return	false
