Dump	
Dump	Read  - nfs is in use & running
Dump	
Read	.etc.fstab [$["file":"/", "freq":1, "mntops":"defaults", "passno":2, "spec":"/dev/hda6", "vfstype":"reiserfs"], $["file":"/home", "freq":0, "mntops":"defaults", "passno":0, "spec":"foo.bar.com:/home", "vfstype":"nfs"], $["file":"/var/spool/mail", "freq":0, "mntops":"defaults", "passno":0, "spec":"foo.bar.com:/var/spool/mail", "vfstype":"nfs"], $["file":"/a\\040space", "freq":1, "mntops":"defaults", "passno":3, "spec":"/dev/hda7", "vfstype":"reiserfs"], $["file":"/b\\040space", "freq":0, "mntops":"defaults", "passno":0, "spec":"foo.bar.com:/space\\040dir", "vfstype":"nfs"]]
Read	.sysconfig.nfs.NFS4_SUPPORT "no"
Read	.sysconfig.nfs.NFS_SECURITY_GSS "no"
Read	.etc.idmapd_conf.value.General.Domain "localhost"
Return	true
Dump	
Dump	Write - nfs is in use - start services
Dump	
Read	.etc.fstab [$["file":"/", "freq":1, "mntops":"defaults", "passno":2, "spec":"/dev/hda6", "vfstype":"reiserfs"], $["file":"/home", "freq":0, "mntops":"defaults", "passno":0, "spec":"foo.bar.com:/home", "vfstype":"nfs"], $["file":"/var/spool/mail", "freq":0, "mntops":"defaults", "passno":0, "spec":"foo.bar.com:/var/spool/mail", "vfstype":"nfs"], $["file":"/a\\040space", "freq":1, "mntops":"defaults", "passno":3, "spec":"/dev/hda7", "vfstype":"reiserfs"], $["file":"/b\\040space", "freq":0, "mntops":"defaults", "passno":0, "spec":"foo.bar.com:/space\\040dir", "vfstype":"nfs"]]
Execute	.target.mkdir "/home" true
Execute	.target.mkdir "/var/spool/mail" true
Execute	.target.mkdir "/b space" true
Execute	.target.bash "/bin/cp $ORIG $BACKUP" $["BACKUP":"/etc/fstab.YaST2.save", "ORIG":"/etc/fstab"] 0
Write	.etc.fstab [$["file":"/", "freq":1, "mntops":"defaults", "passno":2, "spec":"/dev/hda6", "vfstype":"reiserfs"], $["file":"/a\\040space", "freq":1, "mntops":"defaults", "passno":3, "spec":"/dev/hda7", "vfstype":"reiserfs"], $["file":"/home", "freq":0, "mntops":"defaults", "passno":0, "spec":"foo.bar.com:/home", "vfstype":"nfs"], $["file":"/var/spool/mail", "freq":0, "mntops":"defaults", "passno":0, "spec":"foo.bar.com:/var/spool/mail", "vfstype":"nfs"], $["file":"/b\\040space", "freq":0, "mntops":"defaults", "passno":0, "spec":"foo.bar.com:/space\\040dir", "vfstype":"nfs"]] true
Write	.sysconfig.nfs.NFS4_SUPPORT "no" true
Write	.sysconfig.nfs.NFS_SECURITY_GSS "no" true
Log	Cannot start 'portmap' service
Return	false
Dump	
Dump	Read  - nfs is in use & stopped
Dump	
Read	.etc.fstab [$["file":"/", "freq":1, "mntops":"defaults", "passno":2, "spec":"/dev/hda6", "vfstype":"reiserfs"], $["file":"/home", "freq":0, "mntops":"defaults", "passno":0, "spec":"foo.bar.com:/home", "vfstype":"nfs"], $["file":"/var/spool/mail", "freq":0, "mntops":"defaults", "passno":0, "spec":"foo.bar.com:/var/spool/mail", "vfstype":"nfs"], $["file":"/a\\040space", "freq":1, "mntops":"defaults", "passno":3, "spec":"/dev/hda7", "vfstype":"reiserfs"], $["file":"/b\\040space", "freq":0, "mntops":"defaults", "passno":0, "spec":"foo.bar.com:/space\\040dir", "vfstype":"nfs"]]
Read	.sysconfig.nfs.NFS4_SUPPORT "no"
Read	.sysconfig.nfs.NFS_SECURITY_GSS "no"
Read	.etc.idmapd_conf.value.General.Domain "localhost"
Return	true
Dump	
Dump	Write - nfs is in use - so, start services
Dump	
Read	.etc.fstab [$["file":"/", "freq":1, "mntops":"defaults", "passno":2, "spec":"/dev/hda6", "vfstype":"reiserfs"], $["file":"/home", "freq":0, "mntops":"defaults", "passno":0, "spec":"foo.bar.com:/home", "vfstype":"nfs"], $["file":"/var/spool/mail", "freq":0, "mntops":"defaults", "passno":0, "spec":"foo.bar.com:/var/spool/mail", "vfstype":"nfs"], $["file":"/a\\040space", "freq":1, "mntops":"defaults", "passno":3, "spec":"/dev/hda7", "vfstype":"reiserfs"], $["file":"/b\\040space", "freq":0, "mntops":"defaults", "passno":0, "spec":"foo.bar.com:/space\\040dir", "vfstype":"nfs"]]
Execute	.target.mkdir "/home" true
Execute	.target.mkdir "/var/spool/mail" true
Execute	.target.mkdir "/b space" true
Execute	.target.bash "/bin/cp $ORIG $BACKUP" $["BACKUP":"/etc/fstab.YaST2.save", "ORIG":"/etc/fstab"] 0
Write	.etc.fstab [$["file":"/", "freq":1, "mntops":"defaults", "passno":2, "spec":"/dev/hda6", "vfstype":"reiserfs"], $["file":"/a\\040space", "freq":1, "mntops":"defaults", "passno":3, "spec":"/dev/hda7", "vfstype":"reiserfs"], $["file":"/home", "freq":0, "mntops":"defaults", "passno":0, "spec":"foo.bar.com:/home", "vfstype":"nfs"], $["file":"/var/spool/mail", "freq":0, "mntops":"defaults", "passno":0, "spec":"foo.bar.com:/var/spool/mail", "vfstype":"nfs"], $["file":"/b\\040space", "freq":0, "mntops":"defaults", "passno":0, "spec":"foo.bar.com:/space\\040dir", "vfstype":"nfs"]] true
Write	.sysconfig.nfs.NFS4_SUPPORT "no" true
Write	.sysconfig.nfs.NFS_SECURITY_GSS "no" true
Log	Cannot start 'portmap' service
Return	false
Dump	
Dump	Read  - nfs not used & running
Dump	
Read	.etc.fstab [$["file":"/", "freq":1, "mntops":"defaults", "passno":2, "spec":"/dev/hda6", "vfstype":"ext3"]]
Read	.sysconfig.nfs.NFS4_SUPPORT "no"
Read	.sysconfig.nfs.NFS_SECURITY_GSS "no"
Read	.etc.idmapd_conf.value.General.Domain "localhost"
Return	true
Dump	
Dump	Write - nfs not used - so, stopping services
Dump	
Read	.etc.fstab [$["file":"/", "freq":1, "mntops":"defaults", "passno":2, "spec":"/dev/hda6", "vfstype":"ext3"]]
Execute	.target.bash "/bin/cp $ORIG $BACKUP" $["BACKUP":"/etc/fstab.YaST2.save", "ORIG":"/etc/fstab"] 0
Write	.etc.fstab [$["file":"/", "freq":1, "mntops":"defaults", "passno":2, "spec":"/dev/hda6", "vfstype":"ext3"]] true
Write	.sysconfig.nfs.NFS4_SUPPORT "no" true
Write	.sysconfig.nfs.NFS_SECURITY_GSS "no" true
Return	true
Dump	
Dump	Read  - nfs not used & services are stopped
Dump	
Read	.etc.fstab [$["file":"/", "freq":1, "mntops":"defaults", "passno":2, "spec":"/dev/hda6", "vfstype":"ext3"]]
Read	.sysconfig.nfs.NFS4_SUPPORT "no"
Read	.sysconfig.nfs.NFS_SECURITY_GSS "no"
Read	.etc.idmapd_conf.value.General.Domain "localhost"
Return	true
Dump	
Dump	Write - nfs not used; leave services stopped
Dump	
Read	.etc.fstab [$["file":"/", "freq":1, "mntops":"defaults", "passno":2, "spec":"/dev/hda6", "vfstype":"ext3"]]
Execute	.target.bash "/bin/cp $ORIG $BACKUP" $["BACKUP":"/etc/fstab.YaST2.save", "ORIG":"/etc/fstab"] 0
Write	.etc.fstab [$["file":"/", "freq":1, "mntops":"defaults", "passno":2, "spec":"/dev/hda6", "vfstype":"ext3"]] true
Write	.sysconfig.nfs.NFS4_SUPPORT "no" true
Write	.sysconfig.nfs.NFS_SECURITY_GSS "no" true
Return	true
